Script started on Wednesday 27 March 2019 01:16:11 PM IST
]0;mca@mca-OptiPlex-5055-Ryzen-CPU: ~/midhun/git/clone[01;32mmca@mca-OptiPlex-5055-Ryzen-CPU[00m:[01;34m~/midhun/git/clone[00m$ git init
Initialized empty Git repository in /home/mca/midhun/git/clone/.git/
]0;mca@mca-OptiPlex-5055-Ryzen-CPU: ~/midhun/git/clone[01;32mmca@mca-OptiPlex-5055-Ryzen-CPU[00m:[01;34m~/midhun/git/clone[00m$ git add[K[K[Kremi[Kote add origin https: //github.com/bmidhunbabu/clone.git
]0;mca@mca-OptiPlex-5055-Ryzen-CPU: ~/midhun/git/clone[01;32mmca@mca-OptiPlex-5055-Ryzen-CPU[00m:[01;34m~/midhun/git/clone[00m$ git ull [K[K[K[Kpull origin master
remote: Enumerating objects: 3, done.[K
remote: Counting objects:  33% (1/3)   [Kremote: Counting objects:  66% (2/3)   [Kremote: Counting objects: 100% (3/3)   [Kremote: Counting objects: 100% (3/3), done.[K
remote: Total 3 (delta 0), reused 0 (delta 0), pack-reused 0[K
Unpacking objects:  33% (1/3)   Unpacking objects:  66% (2/3)   Unpacking objects: 100% (3/3)   Unpacking objects: 100% (3/3), done.
From https://github.com/bmidhunbabu/clone
 * branch            master     -> FETCH_HEAD
 * [new branch]      master     -> origin/master
]0;mca@mca-OptiPlex-5055-Ryzen-CPU: ~/midhun/git/clone[01;32mmca@mca-OptiPlex-5055-Ryzen-CPU[00m:[01;34m~/midhun/git/clone[00m$ ls -l
total 4
-rw-rw-r-- 1 mca mca 0 Mar 27 13:16 clone.txt
-rw-rw-r-- 1 mca mca 7 Mar 27 13:19 README.md
]0;mca@mca-OptiPlex-5055-Ryzen-CPU: ~/midhun/git/clone[01;32mmca@mca-OptiPlex-5055-Ryzen-CPU[00m:[01;34m~/midhun/git/clone[00m$ ls -l[Ka
[0m[01;34m.[0m  [01;34m..[0m  clone.txt  [01;34m.git[0m  README.md
]0;mca@mca-OptiPlex-5055-Ryzen-CPU: ~/midhun/git/clone[01;32mmca@mca-OptiPlex-5055-Ryzen-CPU[00m:[01;34m~/midhun/git/clone[00m$ ls -a[Klsr
total 4
4 -rw-rw-r-- 1 mca mca 7 Mar 27 13:19 README.md
0 -rw-rw-r-- 1 mca mca 0 Mar 27 13:16 clone.txt
]0;mca@mca-OptiPlex-5055-Ryzen-CPU: ~/midhun/git/clone[01;32mmca@mca-OptiPlex-5055-Ryzen-CPU[00m:[01;34m~/midhun/git/clone[00m$ git push origin master
Username for 'https://github.com': bmidhunbabu
Password for 'https://bmidhunbabu@github.com': 
Everything up-to-date
]0;mca@mca-OptiPlex-5055-Ryzen-CPU: ~/midhun/git/clone[01;32mmca@mca-OptiPlex-5055-Ryzen-CPU[00m:[01;34m~/midhun/git/clone[00m$ git status
On branch master
Untracked files:
  (use "git add <file>..." to include in what will be committed)

	[31mclone.txt[m

nothing added to commit but untracked files present (use "git add" to track)
]0;mca@mca-OptiPlex-5055-Ryzen-CPU: ~/midhun/git/clone[01;32mmca@mca-OptiPlex-5055-Ryzen-CPU[00m:[01;34m~/midhun/git/clone[00m$ git add .
]0;mca@mca-OptiPlex-5055-Ryzen-CPU: ~/midhun/git/clone[01;32mmca@mca-OptiPlex-5055-Ryzen-CPU[00m:[01;34m~/midhun/git/clone[00m$ git status
On branch master
Changes to be committed:
  (use "git reset HEAD <file>..." to unstage)

	[32mnew file:   clone.txt[m

]0;mca@mca-OptiPlex-5055-Ryzen-CPU: ~/midhun/git/clone[01;32mmca@mca-OptiPlex-5055-Ryzen-CPU[00m:[01;34m~/midhun/git/clone[00m$ git commit -m ""a"d"d"e"d" "o"u"t"["p"u" [A]0;mca@mca-OptiPlex-5055-Ryzen-CPU: ~/midhun/git/clone[01;32mmca@mca-OptiPlex-5055-Ryzen-CPU[00m:[01;34m~/midhun/git/clone[00m$ [C[C[C[C[C[C[C[C[C[C[C[C[C[C[C[C[C[C[C[C[C[C[C[C[C[C[Ct"" "s"c"r"i"p"t" "g"i"[1P"[1P"f"i"l"e"[A[C[C[C[C[C[C[C[C[C[C[C[C[C[C[C[C[C[C[C[C[C[C[C[C[C[C[C[C[C[C[C[C[C[C[C[C[C[C[C[C[C[C[C[C[C[C[C[C[C[C[C[C[C[C[C[C[C[C[C[C[C[C[C[C[C[C[C[C[C[C[C[C[C[C[C[C[C[C[C[C[C[Cput s[1P[A]0;mca@mca-OptiPlex-5055-Ryzen-CPU: ~/midhun/git/clone[01;32mmca@mca-OptiPlex-5055-Ryzen-CPU[00m:[01;34m~/midhun/git/clone[00m$ [C[C[C[C[C[C[C[C[C[C[C[C[C[C[C[C[C[C[C[C[C[C[C[C[C[C[C
[C[C[C[C[C[C[C[C[C[C[C[C
[master 88c7874] added output script file
 1 file changed, 0 insertions(+), 0 deletions(-)
 create mode 100644 clone.txt
]0;mca@mca-OptiPlex-5055-Ryzen-CPU: ~/midhun/git/clone[01;32mmca@mca-OptiPlex-5055-Ryzen-CPU[00m:[01;34m~/midhun/git/clone[00m$ git pus [K[Ksh origin master
Username for 'https://github.com': bmidhunbabu
Password for 'https://bmidhunbabu@github.com': 
Counting objects: 3, done.
Delta compression using up to 4 threads.
Compressing objects:  50% (1/2)   Compressing objects: 100% (2/2)   Compressing objects: 100% (2/2), done.
Writing objects:  33% (1/3)   Writing objects:  66% (2/3)   Writing objects: 100% (3/3)   Writing objects: 100% (3/3), 279 bytes | 0 bytes/s, done.
Total 3 (delta 0), reused 0 (delta 0)
To https://github.com/bmidhunbabu/clone.git
   441dae0..88c7874  master -> master
]0;mca@mca-OptiPlex-5055-Ryzen-CPU: ~/midhun/git/clone[01;32mmca@mca-OptiPlex-5055-Ryzen-CPU[00m:[01;34m~/midhun/git/clone[00m$ git status
On branch master
Changes not staged for commit:
  (use "git add <file>..." to update what will be committed)
  (use "git checkout -- <file>..." to discard changes in working directory)

	[31mmodified:   clone.txt[m

no changes added to commit (use "git add" and/or "git commit -a")
]0;mca@mca-OptiPlex-5055-Ryzen-CPU: ~/midhun/git/clone[01;32mmca@mca-OptiPlex-5055-Ryzen-CPU[00m:[01;34m~/midhun/git/clone[00m$ git clone https://github.com /bmidhunbabu/clone.git
Cloning into 'clone'...
remote: Enumerating objects: 6, done.[K
remote: Counting objects:  16% (1/6)   [Kremote: Counting objects:  33% (2/6)   [Kremote: Counting objects:  50% (3/6)   [Kremote: Counting objects:  66% (4/6)   [Kremote: Counting objects:  83% (5/6)   [Kremote: Counting objects: 100% (6/6)   [Kremote: Counting objects: 100% (6/6), done.[K
remote: Compressing objects:  33% (1/3)   [Kremote: Compressing objects:  66% (2/3)   [Kremote: Compressing objects: 100% (3/3)   [Kremote: Compressing objects: 100% (3/3), done.[K
remote: Total 6 (delta 0), reused 3 (delta 0), pack-reused 0[K
Unpacking objects:  16% (1/6)   Unpacking objects:  33% (2/6)   Unpacking objects:  50% (3/6)   Unpacking objects:  66% (4/6)   Unpacking objects:  83% (5/6)   Unpacking objects: 100% (6/6)   Unpacking objects: 100% (6/6), done.
Checking connectivity... done.
]0;mca@mca-OptiPlex-5055-Ryzen-CPU: ~/midhun/git/clone[01;32mmca@mca-OptiPlex-5055-Ryzen-CPU[00m:[01;34m~/midhun/git/clone[00m$ touch output.txt
]0;mca@mca-OptiPlex-5055-Ryzen-CPU: ~/midhun/git/clone[01;32mmca@mca-OptiPlex-5055-Ryzen-CPU[00m:[01;34m~/midhun/git/clone[00m$ git add .
]0;mca@mca-OptiPlex-5055-Ryzen-CPU: ~/midhun/git/clone[01;32mmca@mca-OptiPlex-5055-Ryzen-CPU[00m:[01;34m~/midhun/git/clone[00m$ git commit
[?1049h[1;24r(B[m[4l[?7h[?1h=[?1h=[?1h=[39;49m[?25l[39;49m(B[m[H[2J[22;33H(B[0;7m[ Reading File ][3d(B[m[22;39H(B[0;7m 9 lines[12d(B[m[?12l[?25h[H[39;49m(B[0;7m  GNU nano 2.5.3 File: ...me/mca/midhun/git/clone/.git/COMMIT_EDITMSG           [4;1H(B[m# Please enter the commit message for your changes. Lines starting[5d# with '#' will be ignored, and an empty message aborts the commit.[6d# On branch master[7d# Changes to be committed:[8d#[9Gnew file:   clone[9d#[9Gmodified:   clone.txt[10d#[9Gnew file:   output.txt[11d#[23d(B[0;7m^G(B[m Get Help  (B[0;7m^O(B[m Write Out (B[0;7m^W(B[m Where Is  (B[0;7m^K(B[m Cut Text  (B[0;7m^J(B[m Justify   (B[0;7m^C(B[m Cur Pos[24d(B[0;7m^X(B[m Exit[14G(B[0;7m^R(B[m Read File (B[0;7m^\(B[m Replace   (B[0;7m^U(B[m Uncut Text(B[0;7m^T(B[m To Spell  (B[0;7m^_(B[m Go To Line[3d[4d[5d[6d[7d[8d[9d[10d[11d[12d[22d[J[24;80H[24;1H[?1049l[?1l>Aborting commit due to empty commit message.
]0;mca@mca-OptiPlex-5055-Ryzen-CPU: ~/midhun/git/clone[01;32mmca@mca-OptiPlex-5055-Ryzen-CPU[00m:[01;34m~/midhun/git/clone[00m$ checkout -b ''[K[K""v"1"."0"
checkout: command not found
]0;mca@mca-OptiPlex-5055-Ryzen-CPU: ~/midhun/git/clone[01;32mmca@mca-OptiPlex-5055-Ryzen-CPU[00m:[01;34m~/midhun/git/