mca@mca-OptiPlex-5055-Ryzen-CPU:~$ cdmidhun
cdmidhun: command not found
mca@mca-OptiPlex-5055-Ryzen-CPU:~$ cd midhun
mca@mca-OptiPlex-5055-Ryzen-CPU:~/midhun$ cd git
mca@mca-OptiPlex-5055-Ryzen-CPU:~/midhun/git$ mkdir clone
mca@mca-OptiPlex-5055-Ryzen-CPU:~/midhun/git$ cd clone
mca@mca-OptiPlex-5055-Ryzen-CPU:~/midhun/git/clone$ script clone.txt
Script started, file is clone.txt
mca@mca-OptiPlex-5055-Ryzen-CPU:~/midhun/git/clone$ git init
Initialized empty Git repository in /home/mca/midhun/git/clone/.git/
mca@mca-OptiPlex-5055-Ryzen-CPU:~/midhun/git/clone$ git remote add origin https://github.com/bmidhunbabu/clone.git
mca@mca-OptiPlex-5055-Ryzen-CPU:~/midhun/git/clone$ git pull origin master
remote: Enumerating objects: 3, done.
remote: Counting objects: 100% (3/3), done.
remote: Total 3 (delta 0), reused 0 (delta 0), pack-reused 0
Unpacking objects: 100% (3/3), done.
From https://github.com/bmidhunbabu/clone
 * branch            master     -> FETCH_HEAD
 * [new branch]      master     -> origin/master
mca@mca-OptiPlex-5055-Ryzen-CPU:~/midhun/git/clone$ ls -l
total 4
-rw-rw-r-- 1 mca mca 0 Mar 27 13:16 clone.txt
-rw-rw-r-- 1 mca mca 7 Mar 27 13:19 README.md
mca@mca-OptiPlex-5055-Ryzen-CPU:~/midhun/git/clone$ ls -a
.  ..  clone.txt  .git  README.md
mca@mca-OptiPlex-5055-Ryzen-CPU:~/midhun/git/clone$ ls -lsr
total 4
4 -rw-rw-r-- 1 mca mca 7 Mar 27 13:19 README.md
0 -rw-rw-r-- 1 mca mca 0 Mar 27 13:16 clone.txt
mca@mca-OptiPlex-5055-Ryzen-CPU:~/midhun/git/clone$ git push origin master
Username for 'https://github.com': bmidhunbabu
Password for 'https://bmidhunbabu@github.com': 
Everything up-to-date
mca@mca-OptiPlex-5055-Ryzen-CPU:~/midhun/git/clone$ git status
On branch master
Untracked files:
  (use "git add <file>..." to include in what will be committed)

	clone.txt

nothing added to commit but untracked files present (use "git add" to track)
mca@mca-OptiPlex-5055-Ryzen-CPU:~/midhun/git/clone$ git add .
mca@mca-OptiPlex-5055-Ryzen-CPU:~/midhun/git/clone$ git status
On branch master
Changes to be committed:
  (use "git reset HEAD <file>..." to unstage)

	new file:   clone.txt

mca@mca-OptiPlex-5055-Ryzen-CPU:~/midhun/git/clone$ git commit -m "added output script file"
[master 88c7874] added output script file
 1 file changed, 0 insertions(+), 0 deletions(-)
 create mode 100644 clone.txt
mca@mca-OptiPlex-5055-Ryzen-CPU:~/midhun/git/clone$ git push origin master
Username for 'https://github.com': bmidhunbabu
Password for 'https://bmidhunbabu@github.com': 
Counting objects: 3, done.
Delta compression using up to 4 threads.
Compressing objects: 100% (2/2), done.
Writing objects: 100% (3/3), 279 bytes | 0 bytes/s, done.
Total 3 (delta 0), reused 0 (delta 0)
To https://github.com/bmidhunbabu/clone.git
   441dae0..88c7874  master -> master
mca@mca-OptiPlex-5055-Ryzen-CPU:~/midhun/git/clone$ git status
On branch master
Changes not staged for commit:
  (use "git add <file>..." to update what will be committed)
  (use "git checkout -- <file>..." to discard changes in working directory)

	modified:   clone.txt

no changes added to commit (use "git add" and/or "git commit -a")
mca@mca-OptiPlex-5055-Ryzen-CPU:~/midhun/git/clone$ git clone https://github.com/bmidhunbabu/clone.git
Cloning into 'clone'...
remote: Enumerating objects: 6, done.
remote: Counting objects: 100% (6/6), done.
remote: Compressing objects: 100% (3/3), done.
remote: Total 6 (delta 0), reused 3 (delta 0), pack-reused 0
Unpacking objects: 100% (6/6), done.
Checking connectivity... done.
mca@mca-OptiPlex-5055-Ryzen-CPU:~/midhun/git/clone$ touch output.txt
mca@mca-OptiPlex-5055-Ryzen-CPU:~/midhun/git/clone$ git add .
mca@mca-OptiPlex-5055-Ryzen-CPU:~/midhun/git/clone$ git commit
Aborting commit due to empty commit message.
mca@mca-OptiPlex-5055-Ryzen-CPU:~/midhun/git/clone$ checkout -b "v1.0"
checkout: command not found
mca@mca-OptiPlex-5055-Ryzen-CPU:~/midhun/git/clone$ git checkout -b "v1.0"
A	clone
M	clone.txt
A	output.txt
Switched to a new branch 'v1.0'
mca@mca-OptiPlex-5055-Ryzen-CPU:~/midhun/git/clone$ touch out.txt
mca@mca-OptiPlex-5055-Ryzen-CPU:~/midhun/git/clone$ git add .
mca@mca-OptiPlex-5055-Ryzen-CPU:~/midhun/git/clone$ git commit -m "new branch created and out file added"
[v1.0 db405ee] new branch created and out file added
 4 files changed, 82 insertions(+)
 create mode 160000 clone
 create mode 100644 out.txt
 create mode 100644 output.txt
mca@mca-OptiPlex-5055-Ryzen-CPU:~/midhun/git/clone$ git push origin v1.0
Username for 'https://github.com': bmidhunbabu
Password for 'https://bmidhunbabu@github.com': 
Counting objects: 3, done.
Delta compression using up to 4 threads.
Compressing objects: 100% (3/3), done.
Writing objects: 100% (3/3), 2.12 KiB | 0 bytes/s, done.
Total 3 (delta 0), reused 0 (delta 0)
remote: 
remote: Create a pull request for 'v1.0' on GitHub by visiting:
remote:      https://github.com/bmidhunbabu/clone/pull/new/v1.0
remote: 
To https://github.com/bmidhunbabu/clone.git
 * [new branch]      v1.0 -> v1.0
mca@mca-OptiPlex-5055-Ryzen-CPU:~/midhun/git/clone$ git checkout master
warning: unable to rmdir clone: Directory not empty
Switched to branch 'master'
mca@mca-OptiPlex-5055-Ryzen-CPU:~/midhun/git/clone$ git merge v1.0
Updating 88c7874..db405ee
Fast-forward
 clone      |  1 +
 clone.txt  | 81 ++++++++++++++++++++++++++++++++++++++++++++++++++++++++++++++
 out.txt    |  0
 output.txt |  0
 4 files changed, 82 insertions(+)
 create mode 160000 clone
 create mode 100644 out.txt
 create mode 100644 output.txt
mca@mca-OptiPlex-5055-Ryzen-CPU:~/midhun/git/clone$ git status
On branch master
nothing to commit, working directory clean
mca@mca-OptiPlex-5055-Ryzen-CPU:~/midhun/git/clone$ git status
On branch master
nothing to commit, working directory clean
mca@mca-OptiPlex-5055-Ryzen-CPU:~/midhun/git/clone$ git rm -f out.txt
rm 'out.txt'
mca@mca-OptiPlex-5055-Ryzen-CPU:~/midhun/git/clone$ git status
On branch master
Changes to be committed:
  (use "git reset HEAD <file>..." to unstage)

	deleted:    out.txt

mca@mca-OptiPlex-5055-Ryzen-CPU:~/midhun/git/clone$ git commit -m "removed out file"
[master 31888f4] removed out file
 1 file changed, 0 insertions(+), 0 deletions(-)
 delete mode 100644 out.txt
mca@mca-OptiPlex-5055-Ryzen-CPU:~/midhun/git/clone$ git push origin/master
warning: push.default is unset; its implicit value has changed in
Git 2.0 from 'matching' to 'simple'. To squelch this message
and maintain the traditional behavior, use:

  git config --global push.default matching

To squelch this message and adopt the new behavior now, use:

  git config --global push.default simple

When push.default is set to 'matching', git will push local branches
to the remote branches that already exist with the same name.

Since Git 2.0, Git defaults to the more conservative 'simple'
behavior, which only pushes the current branch to the corresponding
remote branch that 'git pull' uses to update the current branch.

See 'git help config' and search for 'push.default' for further information.
(the 'simple' mode was introduced in Git 1.7.11. Use the similar mode
'current' instead of 'simple' if you sometimes use older versions of Git)

fatal: 'origin/master' does not appear to be a git repository
fatal: Could not read from remote repository.

Please make sure you have the correct access rights
and the repository exists.
mca@mca-OptiPlex-5055-Ryzen-CPU:~/midhun/git/clone$ git push
warning: push.default is unset; its implicit value has changed in
Git 2.0 from 'matching' to 'simple'. To squelch this message
and maintain the traditional behavior, use:

  git config --global push.default matching

To squelch this message and adopt the new behavior now, use:

  git config --global push.default simple

When push.default is set to 'matching', git will push local branches
to the remote branches that already exist with the same name.

Since Git 2.0, Git defaults to the more conservative 'simple'
behavior, which only pushes the current branch to the corresponding
remote branch that 'git pull' uses to update the current branch.

See 'git help config' and search for 'push.default' for further information.
(the 'simple' mode was introduced in Git 1.7.11. Use the similar mode
'current' instead of 'simple' if you sometimes use older versions of Git)

fatal: The current branch master has no upstream branch.
To push the current branch and set the remote as upstream, use

    git push --set-upstream origin master

mca@mca-OptiPlex-5055-Ryzen-CPU:~/midhun/git/clone$ git push  origin master
Username for 'https://github.com': bmidhunbabu
Password for 'https://bmidhunbabu@github.com': 
Counting objects: 2, done.
Delta compression using up to 4 threads.
Compressing objects: 100% (2/2), done.
Writing objects: 100% (2/2), 221 bytes | 0 bytes/s, done.
Total 2 (delta 1), reused 0 (delta 0)
remote: Resolving deltas: 100% (1/1), completed with 1 local object.
To https://github.com/bmidhunbabu/clone.git
   88c7874..31888f4  master -> master
mca@mca-OptiPlex-5055-Ryzen-CPU:~/midhun/git/clone$ git add clone.txt
mca@mca-OptiPlex-5055-Ryzen-CPU:~/midhun/git/clone$ git commit -m "clone output updated"
On branch master
nothing to commit, working directory clean
mca@mca-OptiPlex-5055-Ryzen-CPU:~/midhun/git/clone$ git push origin masterUsername for 'https://github.com': bmidhunbabu
Password for 'https://bmidhunbabu@github.com': 
Everything up-to-date
mca@mca-OptiPlex-5055-Ryzen-CPU:~/midhun/git/clone$ git llog
git: 'llog' is not a git command. See 'git --help'.

Did you mean this?
	log
mca@mca-OptiPlex-5055-Ryzen-CPU:~/midhun/git/clone$ git log
commit 31888f47aeff730bd2a0b2bb99d4324305907153
Author: bmidhunbabu <bmidhunbabu@gmail.com>
Date:   Wed Mar 27 13:47:51 2019 +0530

    removed out file

commit db405ee5853c6ffafd4e84196f341555bbd95c54
Author: bmidhunbabu <bmidhunbabu@gmail.com>
Date:   Wed Mar 27 13:26:16 2019 +0530

    new branch created and out file added

commit 88c787471253ecd296689ba56492f0bc0bf9316d
Author: bmidhunbabu <bmidhunbabu@gmail.com>
Date:   Wed Mar 27 13:21:21 2019 +0530

    added output script file

commit 441dae079237e43d03f50cd8c5a06e545fde0f23
Author: bmidhunbabu <48673992+bmidhunbabu@users.noreply.github.com>
Date:   Wed Mar 27 13:16:47 2019 +0530

    Initial commit
mca@mca-OptiPlex-5055-Ryzen-CPU:~/midhun/git/clone$ git log --oneline
31888f4 removed out file
db405ee new branch created and out file added
88c7874 added output script file
441dae0 Initial commit
mca@mca-OptiPlex-5055-Ryzen-CPU:~/midhun/git/clone$ git tree -a
git: 'tree' is not a git command. See 'git --help'.

Did you mean this?
	mktree
mca@mca-OptiPlex-5055-Ryzen-CPU:~/midhun/git/clone$ man mktree
No manual entry for mktree
mca@mca-OptiPlex-5055-Ryzen-CPU:~/midhun/git/clone$ man git mktree
mca@mca-OptiPlex-5055-Ryzen-CPU:~/midhun/git/clone$ 
mca@mca-OptiPlex-5055-Ryzen-CPU:~/midhun/git/clone$ 
mca@mca-OptiPlex-5055-Ryzen-CPU:~/midhun/git/clone$ 
mca@mca-OptiPlex-5055-Ryzen-CPU:~/midhun/git/clone$ 
mca@mca-OptiPlex-5055-Ryzen-CPU:~/midhun/git/clone$ git checkout v1.0
Switched to branch 'v1.0'
mca@mca-OptiPlex-5055-Ryzen-CPU:~/midhun/git/clone$ touch file.txt
mca@mca-OptiPlex-5055-Ryzen-CPU:~/midhun/git/clone$ git add file.txt
mca@mca-OptiPlex-5055-Ryzen-CPU:~/midhun/git/clone$ git commit -m "file.txt created"
[v1.0 a5ce38a] file.txt created
 1 file changed, 0 insertions(+), 0 deletions(-)
 create mode 100644 file.txt
mca@mca-OptiPlex-5055-Ryzen-CPU:~/midhun/git/clone$ git checkout master
Switched to branch 'master'
mca@mca-OptiPlex-5055-Ryzen-CPU:~/midhun/git/clone$ touch file1.txt
mca@mca-OptiPlex-5055-Ryzen-CPU:~/midhun/git/clone$ git add file1.txt
mca@mca-OptiPlex-5055-Ryzen-CPU:~/midhun/git/clone$ git commit -m "file1 created"
[master 2790fbe] file1 created
 1 file changed, 0 insertions(+), 0 deletions(-)
 create mode 100644 file1.txt
mca@mca-OptiPlex-5055-Ryzen-CPU:~/midhun/git/clone$ git checkout v1.0
Switched to branch 'v1.0'
mca@mca-OptiPlex-5055-Ryzen-CPU:~/midhun/git/clone$ git rebase master
First, rewinding head to replay your work on top of it...
Applying: file.txt created
mca@mca-OptiPlex-5055-Ryzen-CPU:~/midhun/git/clone$ git log --oneline
5197e3b file.txt created
2790fbe file1 created
31888f4 removed out file
db405ee new branch created and out file added
88c7874 added output script file
441dae0 Initial commit
mca@mca-OptiPlex-5055-Ryzen-CPU:~/midhun/git/clone$ git checkout master
Switched to branch 'master'
mca@mca-OptiPlex-5055-Ryzen-CPU:~/midhun/git/clone$ git rebase v1.0
First, rewinding head to replay your work on top of it...
Fast-forwarded master to v1.0.
mca@mca-OptiPlex-5055-Ryzen-CPU:~/midhun/git/clone$ git log --oneline
5197e3b file.txt created
2790fbe file1 created
31888f4 removed out file
db405ee new branch created and out file added
88c7874 added output script file
441dae0 Initial commit
mca@mca-OptiPlex-5055-Ryzen-CPU:~/midhun/git/clone$ git push origin master
Username for 'https://github.com': bmidhunbabu
Password for 'https://bmidhunbabu@github.com': 
Counting objects: 4, done.
Delta compression using up to 4 threads.
Compressing objects: 100% (4/4), done.
Writing objects: 100% (4/4), 511 bytes | 0 bytes/s, done.
Total 4 (delta 1), reused 0 (delta 0)
remote: Resolving deltas: 100% (1/1), done.
To https://github.com/bmidhunbabu/clone.git
   31888f4..5197e3b  master -> master
mca@mca-OptiPlex-5055-Ryzen-CPU:~/midhun/git/clone$ git add .
mca@mca-OptiPlex-5055-Ryzen-CPU:~/midhun/git/clone$ git status
On branch master
nothing to commit, working directory clean
mca@mca-OptiPlex-5055-Ryzen-CPU:~/midhun/git/clone$ git add clone.txt
mca@mca-OptiPlex-5055-Ryzen-CPU:~/midhun/git/clone$ git commit -m "clone updated"
On branch master
nothing to commit, working directory clean
mca@mca-OptiPlex-5055-Ryzen-CPU:~/midhun/git/clone$ git push originmaster
warning: push.default is unset; its implicit value has changed in
Git 2.0 from 'matching' to 'simple'. To squelch this message
and maintain the traditional behavior, use:

  git config --global push.default matching

To squelch this message and adopt the new behavior now, use:

  git config --global push.default simple

When push.default is set to 'matching', git will push local branches
to the remote branches that already exist with the same name.

Since Git 2.0, Git defaults to the more conservative 'simple'
behavior, which only pushes the current branch to the corresponding
remote branch that 'git pull' uses to update the current branch.

See 'git help config' and search for 'push.default' for further information.
(the 'simple' mode was introduced in Git 1.7.11. Use the similar mode
'current' instead of 'simple' if you sometimes use older versions of Git)

fatal: 'originmaster' does not appear to be a git repository
fatal: Could not read from remote repository.

Please make sure you have the correct access rights
and the repository exists.
mca@mca-OptiPlex-5055-Ryzen-CPU:~/midhun/git/clone$ git push origin master
Username for 'https://github.com': bmidhunbabu
Password for 'https://bmidhunbabu@github.com': 
Everything up-to-date
mca@mca-OptiPlex-5055-Ryzen-CPU:~/midhun/git/clone$ cat clone.txt
Script started on Wednesday 27 March 2019 01:16:11 PM IST
mca@mca-OptiPlex-5055-Ryzen-CPU:~/midhun/git/clone$ git init
Initialized empty Git repository in /home/mca/midhun/git/clone/.git/
mca@mca-OptiPlex-5055-Ryzen-CPU:~/midhun/git/clone$ git remote add origin https://github.com/bmidhunbabu/clone.git
mca@mca-OptiPlex-5055-Ryzen-CPU:~/midhun/git/clone$ git pull origin master
remote: Enumerating objects: 3, done.
remote: Counting objects: 100% (3/3), done.
remote: Total 3 (delta 0), reused 0 (delta 0), pack-reused 0
Unpacking objects: 100% (3/3), done.
From https://github.com/bmidhunbabu/clone
 * branch            master     -> FETCH_HEAD
 * [new branch]      master     -> origin/master
mca@mca-OptiPlex-5055-Ryzen-CPU:~/midhun/git/clone$ ls -l
total 4
-rw-rw-r-- 1 mca mca 0 Mar 27 13:16 clone.txt
-rw-rw-r-- 1 mca mca 7 Mar 27 13:19 README.md
mca@mca-OptiPlex-5055-Ryzen-CPU:~/midhun/git/clone$ ls -a
.  ..  clone.txt  .git  README.md
mca@mca-OptiPlex-5055-Ryzen-CPU:~/midhun/git/clone$ ls -lsr
total 4
4 -rw-rw-r-- 1 mca mca 7 Mar 27 13:19 README.md
0 -rw-rw-r-- 1 mca mca 0 Mar 27 13:16 clone.txt
mca@mca-OptiPlex-5055-Ryzen-CPU:~/midhun/git/clone$ git push origin master
Username for 'https://github.com': bmidhunbabu
Password for 'https://bmidhunbabu@github.com': 
Everything up-to-date
mca@mca-OptiPlex-5055-Ryzen-CPU:~/midhun/git/clone$ git status
On branch master
Untracked files:
  (use "git add <file>..." to include in what will be committed)

	clone.txt

nothing added to commit but untracked files present (use "git add" to track)
mca@mca-OptiPlex-5055-Ryzen-CPU:~/midhun/git/clone$ git add .
mca@mca-OptiPlex-5055-Ryzen-CPU:~/midhun/git/clone$ git status
On branch master
Changes to be committed:
  (use "git reset HEAD <file>..." to unstage)

	new file:   clone.txt

mca@mca-OptiPlex-5055-Ryzen-CPU:~/midhun/git/clone$ git commit -m "added output script file"
[master 88c7874] added output script file
 1 file changed, 0 insertions(+), 0 deletions(-)
 create mode 100644 clone.txt
mca@mca-OptiPlex-5055-Ryzen-CPU:~/midhun/git/clone$ git push origin master
Username for 'https://github.com': bmidhunbabu
Password for 'https://bmidhunbabu@github.com': 
Counting objects: 3, done.
Delta compression using up to 4 threads.
Compressing objects: 100% (2/2), done.
Writing objects: 100% (3/3), 279 bytes | 0 bytes/s, done.
Total 3 (delta 0), reused 0 (delta 0)
To https://github.com/bmidhunbabu/clone.git
   441dae0..88c7874  master -> master
mca@mca-OptiPlex-5055-Ryzen-CPU:~/midhun/git/clone$ git status
On branch master
Changes not staged for commit:
  (use "git add <file>..." to update what will be committed)
  (use "git checkout -- <file>..." to discard changes in working directory)

	modified:   clone.txt

no changes added to commit (use "git add" and/or "git commit -a")
mca@mca-OptiPlex-5055-Ryzen-CPU:~/midhun/git/clone$ git clone https://github.com/bmidhunbabu/clone.git
Cloning into 'clone'...
remote: Enumerating objects: 6, done.
remote: Counting objects: 100% (6/6), done.
remote: Compressing objects: 100% (3/3), done.
remote: Total 6 (delta 0), reused 3 (delta 0), pack-reused 0
Unpacking objects: 100% (6/6), done.
Checking connectivity... done.
mca@mca-OptiPlex-5055-Ryzen-CPU:~/midhun/git/clone$ touch output.txt
mca@mca-OptiPlex-5055-Ryzen-CPU:~/midhun/git/clone$ git add .
mca@mca-OptiPlex-5055-Ryzen-CPU:~/midhun/git/clone$ git commit
Aborting commit due to empty commit message.
mca@mca-OptiPlex-5055-Ryzen-CPU:~/midhun/git/clone$ checkout -b "v1.0"
checkout: command not found
mca@mca-OptiPlex-5055-Ryzen-CPU:~/midhun/git/mca@mca-OptiPlex-5055-Ryzen-CPU:~/midhun/git/clone$ 
mca@mca-OptiPlex-5055-Ryzen-CPU:~/midhun/git/clone$ 
mca@mca-OptiPlex-5055-Ryzen-CPU:~/midhun/git/clone$ checkout master
checkout: command not found
mca@mca-OptiPlex-5055-Ryzen-CPU:~/midhun/git/clone$ git checkout master
Already on 'master'
mca@mca-OptiPlex-5055-Ryzen-CPU:~/midhun/git/clone$ touch file3.txt
mca@mca-OptiPlex-5055-Ryzen-CPU:~/midhun/git/clone$ git add .
mca@mca-OptiPlex-5055-Ryzen-CPU:~/midhun/git/clone$ git stash
Saved working directory and index state WIP on master: 5197e3b file.txt created
HEAD is now at 5197e3b file.txt created
mca@mca-OptiPlex-5055-Ryzen-CPU:~/midhun/git/clone$ git status
On branch master
nothing to commit, working directory clean
mca@mca-OptiPlex-5055-Ryzen-CPU:~/midhun/git/clone$ git stash-apply
git: 'stash-apply' is not a git command. See 'git --help'.
mca@mca-OptiPlex-5055-Ryzen-CPU:~/midhun/git/clone$ git stash apply
On branch master
Changes to be committed:
  (use "git reset HEAD <file>..." to unstage)

	new file:   file3.txt

mca@mca-OptiPlex-5055-Ryzen-CPU:~/midhun/git/clone$ git status
On branch master
Changes to be committed:
  (use "git reset HEAD <file>..." to unstage)

	new file:   file3.txt

mca@mca-OptiPlex-5055-Ryzen-CPU:~/midhun/git/clone$ git commit -m "file 3 created"
[master b9a963b] file 3 created
 1 file changed, 0 insertions(+), 0 deletions(-)
 create mode 100644 file3.txt
mca@mca-OptiPlex-5055-Ryzen-CPU:~/midhun/git/clone$ git push origin master
Username for 'https://github.com': bmidhunbabu
Password for 'https://bmidhunbabu@github.com': 
Counting objects: 2, done.
Delta compression using up to 4 threads.
Compressing objects: 100% (2/2), done.
Writing objects: 100% (2/2), 232 bytes | 0 bytes/s, done.
Total 2 (delta 1), reused 0 (delta 0)
remote: Resolving deltas: 100% (1/1), completed with 1 local object.
To https://github.com/bmidhunbabu/clone.git
   5197e3b..b9a963b  master -> master
mca@mca-OptiPlex-5055-Ryzen-CPU:~/midhun/git/clone$ exit
exit
Script done, file is clone.txt
mca@mca-OptiPlex-5055-Ryzen-CPU:~/midhun/git/clone$ git add clone.txt
mca@mca-OptiPlex-5055-Ryzen-CPU:~/midhun/git/clone$ git commit -m "today final output"
On branch master
nothing to commit, working directory clean
mca@mca-OptiPlex-5055-Ryzen-CPU:~/midhun/git/clone$ git push origin master
Username for 'https://github.com': bmidhunbabu
Password for 'https://bmidhunbabu@github.com': 
Everything up-to-date
mca@mca-OptiPlex-5055-Ryzen-CPU:~/midhun/git/clone$ 

